// Jest Snapshot v1, https://goo.gl/fbAQLP

exports[`Trade #useAllCommonPairs should get all pair combinations wbnb, cake 1`] = `
[MockFunction] {
  "calls": Array [
    Array [
      Array [
        Array [
          Token {
            "address": "0xbb4CdB9CBd36B01bD1cBaEBF2De08d9173bc095c",
            "chainId": 56,
            "decimals": 18,
            "name": "Wrapped BNB",
            "projectLink": "https://www.binance.org",
            "symbol": "WBNB",
          },
          Token {
            "address": "0x0E09FaBB73Bd3Ade0a17ECC321fD13a19e81cE82",
            "chainId": 56,
            "decimals": 18,
            "name": "PancakeSwap Token",
            "projectLink": "https://pancakeswap.finance/",
            "symbol": "CAKE",
          },
        ],
        Array [
          Token {
            "address": "0xbb4CdB9CBd36B01bD1cBaEBF2De08d9173bc095c",
            "chainId": 56,
            "decimals": 18,
            "name": "Wrapped BNB",
            "projectLink": "https://www.binance.org",
            "symbol": "WBNB",
          },
          Token {
            "address": "0x0E09FaBB73Bd3Ade0a17ECC321fD13a19e81cE82",
            "chainId": 56,
            "decimals": 18,
            "name": "PancakeSwap Token",
            "projectLink": "https://pancakeswap.finance/",
            "symbol": "CAKE",
          },
        ],
        Array [
          Token {
            "address": "0xbb4CdB9CBd36B01bD1cBaEBF2De08d9173bc095c",
            "chainId": 56,
            "decimals": 18,
            "name": "Wrapped BNB",
            "projectLink": "https://www.binance.org",
            "symbol": "WBNB",
          },
          Token {
            "address": "0xe9e7CEA3DedcA5984780Bafc599bD69ADd087D56",
            "chainId": 56,
            "decimals": 18,
            "name": "Binance USD",
            "projectLink": "https://www.paxos.com/busd/",
            "symbol": "BUSD",
          },
        ],
        Array [
          Token {
            "address": "0xbb4CdB9CBd36B01bD1cBaEBF2De08d9173bc095c",
            "chainId": 56,
            "decimals": 18,
            "name": "Wrapped BNB",
            "projectLink": "https://www.binance.org",
            "symbol": "WBNB",
          },
          Token {
            "address": "0x55d398326f99059fF775485246999027B3197955",
            "chainId": 56,
            "decimals": 18,
            "name": "Tether USD",
            "projectLink": "https://tether.to/",
            "symbol": "USDT",
          },
        ],
        Array [
          Token {
            "address": "0xbb4CdB9CBd36B01bD1cBaEBF2De08d9173bc095c",
            "chainId": 56,
            "decimals": 18,
            "name": "Wrapped BNB",
            "projectLink": "https://www.binance.org",
            "symbol": "WBNB",
          },
          Token {
            "address": "0x7130d2A12B9BCbFAe4f2634d864A1Ee1Ce3Ead9c",
            "chainId": 56,
            "decimals": 18,
            "name": "Binance BTC",
            "projectLink": "https://bitcoin.org/",
            "symbol": "BTCB",
          },
        ],
        Array [
          Token {
            "address": "0xbb4CdB9CBd36B01bD1cBaEBF2De08d9173bc095c",
            "chainId": 56,
            "decimals": 18,
            "name": "Wrapped BNB",
            "projectLink": "https://www.binance.org",
            "symbol": "WBNB",
          },
          Token {
            "address": "0x2170Ed0880ac9A755fd29B2688956BD959F933F8",
            "chainId": 56,
            "decimals": 18,
            "name": "Binance-Peg Ethereum Token",
            "projectLink": "https://ethereum.org/en/",
            "symbol": "ETH",
          },
        ],
        Array [
          Token {
            "address": "0xbb4CdB9CBd36B01bD1cBaEBF2De08d9173bc095c",
            "chainId": 56,
            "decimals": 18,
            "name": "Wrapped BNB",
            "projectLink": "https://www.binance.org",
            "symbol": "WBNB",
          },
          Token {
            "address": "0x8AC76a51cc950d9822D68b83fE1Ad97B32Cd580d",
            "chainId": 56,
            "decimals": 18,
            "name": "Binance-Peg USD Coin",
            "projectLink": "https://www.centre.io/usdc",
            "symbol": "USDC",
          },
        ],
        Array [
          Token {
            "address": "0x0E09FaBB73Bd3Ade0a17ECC321fD13a19e81cE82",
            "chainId": 56,
            "decimals": 18,
            "name": "PancakeSwap Token",
            "projectLink": "https://pancakeswap.finance/",
            "symbol": "CAKE",
          },
          Token {
            "address": "0xbb4CdB9CBd36B01bD1cBaEBF2De08d9173bc095c",
            "chainId": 56,
            "decimals": 18,
            "name": "Wrapped BNB",
            "projectLink": "https://www.binance.org",
            "symbol": "WBNB",
          },
        ],
        Array [
          Token {
            "address": "0x0E09FaBB73Bd3Ade0a17ECC321fD13a19e81cE82",
            "chainId": 56,
            "decimals": 18,
            "name": "PancakeSwap Token",
            "projectLink": "https://pancakeswap.finance/",
            "symbol": "CAKE",
          },
          Token {
            "address": "0xe9e7CEA3DedcA5984780Bafc599bD69ADd087D56",
            "chainId": 56,
            "decimals": 18,
            "name": "Binance USD",
            "projectLink": "https://www.paxos.com/busd/",
            "symbol": "BUSD",
          },
        ],
        Array [
          Token {
            "address": "0x0E09FaBB73Bd3Ade0a17ECC321fD13a19e81cE82",
            "chainId": 56,
            "decimals": 18,
            "name": "PancakeSwap Token",
            "projectLink": "https://pancakeswap.finance/",
            "symbol": "CAKE",
          },
          Token {
            "address": "0x55d398326f99059fF775485246999027B3197955",
            "chainId": 56,
            "decimals": 18,
            "name": "Tether USD",
            "projectLink": "https://tether.to/",
            "symbol": "USDT",
          },
        ],
        Array [
          Token {
            "address": "0x0E09FaBB73Bd3Ade0a17ECC321fD13a19e81cE82",
            "chainId": 56,
            "decimals": 18,
            "name": "PancakeSwap Token",
            "projectLink": "https://pancakeswap.finance/",
            "symbol": "CAKE",
          },
          Token {
            "address": "0x7130d2A12B9BCbFAe4f2634d864A1Ee1Ce3Ead9c",
            "chainId": 56,
            "decimals": 18,
            "name": "Binance BTC",
            "projectLink": "https://bitcoin.org/",
            "symbol": "BTCB",
          },
        ],
        Array [
          Token {
            "address": "0x0E09FaBB73Bd3Ade0a17ECC321fD13a19e81cE82",
            "chainId": 56,
            "decimals": 18,
            "name": "PancakeSwap Token",
            "projectLink": "https://pancakeswap.finance/",
            "symbol": "CAKE",
          },
          Token {
            "address": "0x2170Ed0880ac9A755fd29B2688956BD959F933F8",
            "chainId": 56,
            "decimals": 18,
            "name": "Binance-Peg Ethereum Token",
            "projectLink": "https://ethereum.org/en/",
            "symbol": "ETH",
          },
        ],
        Array [
          Token {
            "address": "0x0E09FaBB73Bd3Ade0a17ECC321fD13a19e81cE82",
            "chainId": 56,
            "decimals": 18,
            "name": "PancakeSwap Token",
            "projectLink": "https://pancakeswap.finance/",
            "symbol": "CAKE",
          },
          Token {
            "address": "0x8AC76a51cc950d9822D68b83fE1Ad97B32Cd580d",
            "chainId": 56,
            "decimals": 18,
            "name": "Binance-Peg USD Coin",
            "projectLink": "https://www.centre.io/usdc",
            "symbol": "USDC",
          },
        ],
        Array [
          Token {
            "address": "0xbb4CdB9CBd36B01bD1cBaEBF2De08d9173bc095c",
            "chainId": 56,
            "decimals": 18,
            "name": "Wrapped BNB",
            "projectLink": "https://www.binance.org",
            "symbol": "WBNB",
          },
          Token {
            "address": "0x0E09FaBB73Bd3Ade0a17ECC321fD13a19e81cE82",
            "chainId": 56,
            "decimals": 18,
            "name": "PancakeSwap Token",
            "projectLink": "https://pancakeswap.finance/",
            "symbol": "CAKE",
          },
        ],
        Array [
          Token {
            "address": "0xbb4CdB9CBd36B01bD1cBaEBF2De08d9173bc095c",
            "chainId": 56,
            "decimals": 18,
            "name": "Wrapped BNB",
            "projectLink": "https://www.binance.org",
            "symbol": "WBNB",
          },
          Token {
            "address": "0xe9e7CEA3DedcA5984780Bafc599bD69ADd087D56",
            "chainId": 56,
            "decimals": 18,
            "name": "Binance USD",
            "projectLink": "https://www.paxos.com/busd/",
            "symbol": "BUSD",
          },
        ],
        Array [
          Token {
            "address": "0xbb4CdB9CBd36B01bD1cBaEBF2De08d9173bc095c",
            "chainId": 56,
            "decimals": 18,
            "name": "Wrapped BNB",
            "projectLink": "https://www.binance.org",
            "symbol": "WBNB",
          },
          Token {
            "address": "0x55d398326f99059fF775485246999027B3197955",
            "chainId": 56,
            "decimals": 18,
            "name": "Tether USD",
            "projectLink": "https://tether.to/",
            "symbol": "USDT",
          },
        ],
        Array [
          Token {
            "address": "0xbb4CdB9CBd36B01bD1cBaEBF2De08d9173bc095c",
            "chainId": 56,
            "decimals": 18,
            "name": "Wrapped BNB",
            "projectLink": "https://www.binance.org",
            "symbol": "WBNB",
          },
          Token {
            "address": "0x7130d2A12B9BCbFAe4f2634d864A1Ee1Ce3Ead9c",
            "chainId": 56,
            "decimals": 18,
            "name": "Binance BTC",
            "projectLink": "https://bitcoin.org/",
            "symbol": "BTCB",
          },
        ],
        Array [
          Token {
            "address": "0xbb4CdB9CBd36B01bD1cBaEBF2De08d9173bc095c",
            "chainId": 56,
            "decimals": 18,
            "name": "Wrapped BNB",
            "projectLink": "https://www.binance.org",
            "symbol": "WBNB",
          },
          Token {
            "address": "0x2170Ed0880ac9A755fd29B2688956BD959F933F8",
            "chainId": 56,
            "decimals": 18,
            "name": "Binance-Peg Ethereum Token",
            "projectLink": "https://ethereum.org/en/",
            "symbol": "ETH",
          },
        ],
        Array [
          Token {
            "address": "0xbb4CdB9CBd36B01bD1cBaEBF2De08d9173bc095c",
            "chainId": 56,
            "decimals": 18,
            "name": "Wrapped BNB",
            "projectLink": "https://www.binance.org",
            "symbol": "WBNB",
          },
          Token {
            "address": "0x8AC76a51cc950d9822D68b83fE1Ad97B32Cd580d",
            "chainId": 56,
            "decimals": 18,
            "name": "Binance-Peg USD Coin",
            "projectLink": "https://www.centre.io/usdc",
            "symbol": "USDC",
          },
        ],
        Array [
          Token {
            "address": "0x0E09FaBB73Bd3Ade0a17ECC321fD13a19e81cE82",
            "chainId": 56,
            "decimals": 18,
            "name": "PancakeSwap Token",
            "projectLink": "https://pancakeswap.finance/",
            "symbol": "CAKE",
          },
          Token {
            "address": "0xbb4CdB9CBd36B01bD1cBaEBF2De08d9173bc095c",
            "chainId": 56,
            "decimals": 18,
            "name": "Wrapped BNB",
            "projectLink": "https://www.binance.org",
            "symbol": "WBNB",
          },
        ],
        Array [
          Token {
            "address": "0x0E09FaBB73Bd3Ade0a17ECC321fD13a19e81cE82",
            "chainId": 56,
            "decimals": 18,
            "name": "PancakeSwap Token",
            "projectLink": "https://pancakeswap.finance/",
            "symbol": "CAKE",
          },
          Token {
            "address": "0xe9e7CEA3DedcA5984780Bafc599bD69ADd087D56",
            "chainId": 56,
            "decimals": 18,
            "name": "Binance USD",
            "projectLink": "https://www.paxos.com/busd/",
            "symbol": "BUSD",
          },
        ],
        Array [
          Token {
            "address": "0x0E09FaBB73Bd3Ade0a17ECC321fD13a19e81cE82",
            "chainId": 56,
            "decimals": 18,
            "name": "PancakeSwap Token",
            "projectLink": "https://pancakeswap.finance/",
            "symbol": "CAKE",
          },
          Token {
            "address": "0x55d398326f99059fF775485246999027B3197955",
            "chainId": 56,
            "decimals": 18,
            "name": "Tether USD",
            "projectLink": "https://tether.to/",
            "symbol": "USDT",
          },
        ],
        Array [
          Token {
            "address": "0x0E09FaBB73Bd3Ade0a17ECC321fD13a19e81cE82",
            "chainId": 56,
            "decimals": 18,
            "name": "PancakeSwap Token",
            "projectLink": "https://pancakeswap.finance/",
            "symbol": "CAKE",
          },
          Token {
            "address": "0x7130d2A12B9BCbFAe4f2634d864A1Ee1Ce3Ead9c",
            "chainId": 56,
            "decimals": 18,
            "name": "Binance BTC",
            "projectLink": "https://bitcoin.org/",
            "symbol": "BTCB",
          },
        ],
        Array [
          Token {
            "address": "0x0E09FaBB73Bd3Ade0a17ECC321fD13a19e81cE82",
            "chainId": 56,
            "decimals": 18,
            "name": "PancakeSwap Token",
            "projectLink": "https://pancakeswap.finance/",
            "symbol": "CAKE",
          },
          Token {
            "address": "0x2170Ed0880ac9A755fd29B2688956BD959F933F8",
            "chainId": 56,
            "decimals": 18,
            "name": "Binance-Peg Ethereum Token",
            "projectLink": "https://ethereum.org/en/",
            "symbol": "ETH",
          },
        ],
        Array [
          Token {
            "address": "0x0E09FaBB73Bd3Ade0a17ECC321fD13a19e81cE82",
            "chainId": 56,
            "decimals": 18,
            "name": "PancakeSwap Token",
            "projectLink": "https://pancakeswap.finance/",
            "symbol": "CAKE",
          },
          Token {
            "address": "0x8AC76a51cc950d9822D68b83fE1Ad97B32Cd580d",
            "chainId": 56,
            "decimals": 18,
            "name": "Binance-Peg USD Coin",
            "projectLink": "https://www.centre.io/usdc",
            "symbol": "USDC",
          },
        ],
        Array [
          Token {
            "address": "0xe9e7CEA3DedcA5984780Bafc599bD69ADd087D56",
            "chainId": 56,
            "decimals": 18,
            "name": "Binance USD",
            "projectLink": "https://www.paxos.com/busd/",
            "symbol": "BUSD",
          },
          Token {
            "address": "0xbb4CdB9CBd36B01bD1cBaEBF2De08d9173bc095c",
            "chainId": 56,
            "decimals": 18,
            "name": "Wrapped BNB",
            "projectLink": "https://www.binance.org",
            "symbol": "WBNB",
          },
        ],
        Array [
          Token {
            "address": "0xe9e7CEA3DedcA5984780Bafc599bD69ADd087D56",
            "chainId": 56,
            "decimals": 18,
            "name": "Binance USD",
            "projectLink": "https://www.paxos.com/busd/",
            "symbol": "BUSD",
          },
          Token {
            "address": "0x0E09FaBB73Bd3Ade0a17ECC321fD13a19e81cE82",
            "chainId": 56,
            "decimals": 18,
            "name": "PancakeSwap Token",
            "projectLink": "https://pancakeswap.finance/",
            "symbol": "CAKE",
          },
        ],
        Array [
          Token {
            "address": "0xe9e7CEA3DedcA5984780Bafc599bD69ADd087D56",
            "chainId": 56,
            "decimals": 18,
            "name": "Binance USD",
            "projectLink": "https://www.paxos.com/busd/",
            "symbol": "BUSD",
          },
          Token {
            "address": "0x55d398326f99059fF775485246999027B3197955",
            "chainId": 56,
            "decimals": 18,
            "name": "Tether USD",
            "projectLink": "https://tether.to/",
            "symbol": "USDT",
          },
        ],
        Array [
          Token {
            "address": "0xe9e7CEA3DedcA5984780Bafc599bD69ADd087D56",
            "chainId": 56,
            "decimals": 18,
            "name": "Binance USD",
            "projectLink": "https://www.paxos.com/busd/",
            "symbol": "BUSD",
          },
          Token {
            "address": "0x7130d2A12B9BCbFAe4f2634d864A1Ee1Ce3Ead9c",
            "chainId": 56,
            "decimals": 18,
            "name": "Binance BTC",
            "projectLink": "https://bitcoin.org/",
            "symbol": "BTCB",
          },
        ],
        Array [
          Token {
            "address": "0xe9e7CEA3DedcA5984780Bafc599bD69ADd087D56",
            "chainId": 56,
            "decimals": 18,
            "name": "Binance USD",
            "projectLink": "https://www.paxos.com/busd/",
            "symbol": "BUSD",
          },
          Token {
            "address": "0x2170Ed0880ac9A755fd29B2688956BD959F933F8",
            "chainId": 56,
            "decimals": 18,
            "name": "Binance-Peg Ethereum Token",
            "projectLink": "https://ethereum.org/en/",
            "symbol": "ETH",
          },
        ],
        Array [
          Token {
            "address": "0xe9e7CEA3DedcA5984780Bafc599bD69ADd087D56",
            "chainId": 56,
            "decimals": 18,
            "name": "Binance USD",
            "projectLink": "https://www.paxos.com/busd/",
            "symbol": "BUSD",
          },
          Token {
            "address": "0x8AC76a51cc950d9822D68b83fE1Ad97B32Cd580d",
            "chainId": 56,
            "decimals": 18,
            "name": "Binance-Peg USD Coin",
            "projectLink": "https://www.centre.io/usdc",
            "symbol": "USDC",
          },
        ],
        Array [
          Token {
            "address": "0x55d398326f99059fF775485246999027B3197955",
            "chainId": 56,
            "decimals": 18,
            "name": "Tether USD",
            "projectLink": "https://tether.to/",
            "symbol": "USDT",
          },
          Token {
            "address": "0xbb4CdB9CBd36B01bD1cBaEBF2De08d9173bc095c",
            "chainId": 56,
            "decimals": 18,
            "name": "Wrapped BNB",
            "projectLink": "https://www.binance.org",
            "symbol": "WBNB",
          },
        ],
        Array [
          Token {
            "address": "0x55d398326f99059fF775485246999027B3197955",
            "chainId": 56,
            "decimals": 18,
            "name": "Tether USD",
            "projectLink": "https://tether.to/",
            "symbol": "USDT",
          },
          Token {
            "address": "0x0E09FaBB73Bd3Ade0a17ECC321fD13a19e81cE82",
            "chainId": 56,
            "decimals": 18,
            "name": "PancakeSwap Token",
            "projectLink": "https://pancakeswap.finance/",
            "symbol": "CAKE",
          },
        ],
        Array [
          Token {
            "address": "0x55d398326f99059fF775485246999027B3197955",
            "chainId": 56,
            "decimals": 18,
            "name": "Tether USD",
            "projectLink": "https://tether.to/",
            "symbol": "USDT",
          },
          Token {
            "address": "0xe9e7CEA3DedcA5984780Bafc599bD69ADd087D56",
            "chainId": 56,
            "decimals": 18,
            "name": "Binance USD",
            "projectLink": "https://www.paxos.com/busd/",
            "symbol": "BUSD",
          },
        ],
        Array [
          Token {
            "address": "0x55d398326f99059fF775485246999027B3197955",
            "chainId": 56,
            "decimals": 18,
            "name": "Tether USD",
            "projectLink": "https://tether.to/",
            "symbol": "USDT",
          },
          Token {
            "address": "0x7130d2A12B9BCbFAe4f2634d864A1Ee1Ce3Ead9c",
            "chainId": 56,
            "decimals": 18,
            "name": "Binance BTC",
            "projectLink": "https://bitcoin.org/",
            "symbol": "BTCB",
          },
        ],
        Array [
          Token {
            "address": "0x55d398326f99059fF775485246999027B3197955",
            "chainId": 56,
            "decimals": 18,
            "name": "Tether USD",
            "projectLink": "https://tether.to/",
            "symbol": "USDT",
          },
          Token {
            "address": "0x2170Ed0880ac9A755fd29B2688956BD959F933F8",
            "chainId": 56,
            "decimals": 18,
            "name": "Binance-Peg Ethereum Token",
            "projectLink": "https://ethereum.org/en/",
            "symbol": "ETH",
          },
        ],
        Array [
          Token {
            "address": "0x55d398326f99059fF775485246999027B3197955",
            "chainId": 56,
            "decimals": 18,
            "name": "Tether USD",
            "projectLink": "https://tether.to/",
            "symbol": "USDT",
          },
          Token {
            "address": "0x8AC76a51cc950d9822D68b83fE1Ad97B32Cd580d",
            "chainId": 56,
            "decimals": 18,
            "name": "Binance-Peg USD Coin",
            "projectLink": "https://www.centre.io/usdc",
            "symbol": "USDC",
          },
        ],
        Array [
          Token {
            "address": "0x7130d2A12B9BCbFAe4f2634d864A1Ee1Ce3Ead9c",
            "chainId": 56,
            "decimals": 18,
            "name": "Binance BTC",
            "projectLink": "https://bitcoin.org/",
            "symbol": "BTCB",
          },
          Token {
            "address": "0xbb4CdB9CBd36B01bD1cBaEBF2De08d9173bc095c",
            "chainId": 56,
            "decimals": 18,
            "name": "Wrapped BNB",
            "projectLink": "https://www.binance.org",
            "symbol": "WBNB",
          },
        ],
        Array [
          Token {
            "address": "0x7130d2A12B9BCbFAe4f2634d864A1Ee1Ce3Ead9c",
            "chainId": 56,
            "decimals": 18,
            "name": "Binance BTC",
            "projectLink": "https://bitcoin.org/",
            "symbol": "BTCB",
          },
          Token {
            "address": "0x0E09FaBB73Bd3Ade0a17ECC321fD13a19e81cE82",
            "chainId": 56,
            "decimals": 18,
            "name": "PancakeSwap Token",
            "projectLink": "https://pancakeswap.finance/",
            "symbol": "CAKE",
          },
        ],
        Array [
          Token {
            "address": "0x7130d2A12B9BCbFAe4f2634d864A1Ee1Ce3Ead9c",
            "chainId": 56,
            "decimals": 18,
            "name": "Binance BTC",
            "projectLink": "https://bitcoin.org/",
            "symbol": "BTCB",
          },
          Token {
            "address": "0xe9e7CEA3DedcA5984780Bafc599bD69ADd087D56",
            "chainId": 56,
            "decimals": 18,
            "name": "Binance USD",
            "projectLink": "https://www.paxos.com/busd/",
            "symbol": "BUSD",
          },
        ],
        Array [
          Token {
            "address": "0x7130d2A12B9BCbFAe4f2634d864A1Ee1Ce3Ead9c",
            "chainId": 56,
            "decimals": 18,
            "name": "Binance BTC",
            "projectLink": "https://bitcoin.org/",
            "symbol": "BTCB",
          },
          Token {
            "address": "0x55d398326f99059fF775485246999027B3197955",
            "chainId": 56,
            "decimals": 18,
            "name": "Tether USD",
            "projectLink": "https://tether.to/",
            "symbol": "USDT",
          },
        ],
        Array [
          Token {
            "address": "0x7130d2A12B9BCbFAe4f2634d864A1Ee1Ce3Ead9c",
            "chainId": 56,
            "decimals": 18,
            "name": "Binance BTC",
            "projectLink": "https://bitcoin.org/",
            "symbol": "BTCB",
          },
          Token {
            "address": "0x2170Ed0880ac9A755fd29B2688956BD959F933F8",
            "chainId": 56,
            "decimals": 18,
            "name": "Binance-Peg Ethereum Token",
            "projectLink": "https://ethereum.org/en/",
            "symbol": "ETH",
          },
        ],
        Array [
          Token {
            "address": "0x7130d2A12B9BCbFAe4f2634d864A1Ee1Ce3Ead9c",
            "chainId": 56,
            "decimals": 18,
            "name": "Binance BTC",
            "projectLink": "https://bitcoin.org/",
            "symbol": "BTCB",
          },
          Token {
            "address": "0x8AC76a51cc950d9822D68b83fE1Ad97B32Cd580d",
            "chainId": 56,
            "decimals": 18,
            "name": "Binance-Peg USD Coin",
            "projectLink": "https://www.centre.io/usdc",
            "symbol": "USDC",
          },
        ],
        Array [
          Token {
            "address": "0x2170Ed0880ac9A755fd29B2688956BD959F933F8",
            "chainId": 56,
            "decimals": 18,
            "name": "Binance-Peg Ethereum Token",
            "projectLink": "https://ethereum.org/en/",
            "symbol": "ETH",
          },
          Token {
            "address": "0xbb4CdB9CBd36B01bD1cBaEBF2De08d9173bc095c",
            "chainId": 56,
            "decimals": 18,
            "name": "Wrapped BNB",
            "projectLink": "https://www.binance.org",
            "symbol": "WBNB",
          },
        ],
        Array [
          Token {
            "address": "0x2170Ed0880ac9A755fd29B2688956BD959F933F8",
            "chainId": 56,
            "decimals": 18,
            "name": "Binance-Peg Ethereum Token",
            "projectLink": "https://ethereum.org/en/",
            "symbol": "ETH",
          },
          Token {
            "address": "0x0E09FaBB73Bd3Ade0a17ECC321fD13a19e81cE82",
            "chainId": 56,
            "decimals": 18,
            "name": "PancakeSwap Token",
            "projectLink": "https://pancakeswap.finance/",
            "symbol": "CAKE",
          },
        ],
        Array [
          Token {
            "address": "0x2170Ed0880ac9A755fd29B2688956BD959F933F8",
            "chainId": 56,
            "decimals": 18,
            "name": "Binance-Peg Ethereum Token",
            "projectLink": "https://ethereum.org/en/",
            "symbol": "ETH",
          },
          Token {
            "address": "0xe9e7CEA3DedcA5984780Bafc599bD69ADd087D56",
            "chainId": 56,
            "decimals": 18,
            "name": "Binance USD",
            "projectLink": "https://www.paxos.com/busd/",
            "symbol": "BUSD",
          },
        ],
        Array [
          Token {
            "address": "0x2170Ed0880ac9A755fd29B2688956BD959F933F8",
            "chainId": 56,
            "decimals": 18,
            "name": "Binance-Peg Ethereum Token",
            "projectLink": "https://ethereum.org/en/",
            "symbol": "ETH",
          },
          Token {
            "address": "0x55d398326f99059fF775485246999027B3197955",
            "chainId": 56,
            "decimals": 18,
            "name": "Tether USD",
            "projectLink": "https://tether.to/",
            "symbol": "USDT",
          },
        ],
        Array [
          Token {
            "address": "0x2170Ed0880ac9A755fd29B2688956BD959F933F8",
            "chainId": 56,
            "decimals": 18,
            "name": "Binance-Peg Ethereum Token",
            "projectLink": "https://ethereum.org/en/",
            "symbol": "ETH",
          },
          Token {
            "address": "0x7130d2A12B9BCbFAe4f2634d864A1Ee1Ce3Ead9c",
            "chainId": 56,
            "decimals": 18,
            "name": "Binance BTC",
            "projectLink": "https://bitcoin.org/",
            "symbol": "BTCB",
          },
        ],
        Array [
          Token {
            "address": "0x2170Ed0880ac9A755fd29B2688956BD959F933F8",
            "chainId": 56,
            "decimals": 18,
            "name": "Binance-Peg Ethereum Token",
            "projectLink": "https://ethereum.org/en/",
            "symbol": "ETH",
          },
          Token {
            "address": "0x8AC76a51cc950d9822D68b83fE1Ad97B32Cd580d",
            "chainId": 56,
            "decimals": 18,
            "name": "Binance-Peg USD Coin",
            "projectLink": "https://www.centre.io/usdc",
            "symbol": "USDC",
          },
        ],
        Array [
          Token {
            "address": "0x8AC76a51cc950d9822D68b83fE1Ad97B32Cd580d",
            "chainId": 56,
            "decimals": 18,
            "name": "Binance-Peg USD Coin",
            "projectLink": "https://www.centre.io/usdc",
            "symbol": "USDC",
          },
          Token {
            "address": "0xbb4CdB9CBd36B01bD1cBaEBF2De08d9173bc095c",
            "chainId": 56,
            "decimals": 18,
            "name": "Wrapped BNB",
            "projectLink": "https://www.binance.org",
            "symbol": "WBNB",
          },
        ],
        Array [
          Token {
            "address": "0x8AC76a51cc950d9822D68b83fE1Ad97B32Cd580d",
            "chainId": 56,
            "decimals": 18,
            "name": "Binance-Peg USD Coin",
            "projectLink": "https://www.centre.io/usdc",
            "symbol": "USDC",
          },
          Token {
            "address": "0x0E09FaBB73Bd3Ade0a17ECC321fD13a19e81cE82",
            "chainId": 56,
            "decimals": 18,
            "name": "PancakeSwap Token",
            "projectLink": "https://pancakeswap.finance/",
            "symbol": "CAKE",
          },
        ],
        Array [
          Token {
            "address": "0x8AC76a51cc950d9822D68b83fE1Ad97B32Cd580d",
            "chainId": 56,
            "decimals": 18,
            "name": "Binance-Peg USD Coin",
            "projectLink": "https://www.centre.io/usdc",
            "symbol": "USDC",
          },
          Token {
            "address": "0xe9e7CEA3DedcA5984780Bafc599bD69ADd087D56",
            "chainId": 56,
            "decimals": 18,
            "name": "Binance USD",
            "projectLink": "https://www.paxos.com/busd/",
            "symbol": "BUSD",
          },
        ],
        Array [
          Token {
            "address": "0x8AC76a51cc950d9822D68b83fE1Ad97B32Cd580d",
            "chainId": 56,
            "decimals": 18,
            "name": "Binance-Peg USD Coin",
            "projectLink": "https://www.centre.io/usdc",
            "symbol": "USDC",
          },
          Token {
            "address": "0x55d398326f99059fF775485246999027B3197955",
            "chainId": 56,
            "decimals": 18,
            "name": "Tether USD",
            "projectLink": "https://tether.to/",
            "symbol": "USDT",
          },
        ],
        Array [
          Token {
            "address": "0x8AC76a51cc950d9822D68b83fE1Ad97B32Cd580d",
            "chainId": 56,
            "decimals": 18,
            "name": "Binance-Peg USD Coin",
            "projectLink": "https://www.centre.io/usdc",
            "symbol": "USDC",
          },
          Token {
            "address": "0x7130d2A12B9BCbFAe4f2634d864A1Ee1Ce3Ead9c",
            "chainId": 56,
            "decimals": 18,
            "name": "Binance BTC",
            "projectLink": "https://bitcoin.org/",
            "symbol": "BTCB",
          },
        ],
        Array [
          Token {
            "address": "0x8AC76a51cc950d9822D68b83fE1Ad97B32Cd580d",
            "chainId": 56,
            "decimals": 18,
            "name": "Binance-Peg USD Coin",
            "projectLink": "https://www.centre.io/usdc",
            "symbol": "USDC",
          },
          Token {
            "address": "0x2170Ed0880ac9A755fd29B2688956BD959F933F8",
            "chainId": 56,
            "decimals": 18,
            "name": "Binance-Peg Ethereum Token",
            "projectLink": "https://ethereum.org/en/",
            "symbol": "ETH",
          },
        ],
      ],
    ],
  ],
  "results": Array [
    Object {
      "type": "return",
      "value": Array [
        Array [
          2,
          Pair {
            "liquidityToken": Token {
              "address": "0x0eD7e52944161450477ee417DE9Cd3a859b14fD0",
              "chainId": 56,
              "decimals": 18,
              "name": "Pancake LPs",
              "projectLink": undefined,
              "symbol": "Cake-LP",
            },
            "tokenAmounts": Array [
              TokenAmount {
                "currency": Token {
                  "address": "0x0E09FaBB73Bd3Ade0a17ECC321fD13a19e81cE82",
                  "chainId": 56,
                  "decimals": 18,
                  "name": "PancakeSwap Token",
                  "projectLink": "https://pancakeswap.finance/",
                  "symbol": "CAKE",
                },
                "denominator": JSBI [
                  660865024,
                  931322574,
                ],
                "numerator": JSBI [
                  1,
                ],
                "token": Token {
                  "address": "0x0E09FaBB73Bd3Ade0a17ECC321fD13a19e81cE82",
                  "chainId": 56,
                  "decimals": 18,
                  "name": "PancakeSwap Token",
                  "projectLink": "https://pancakeswap.finance/",
                  "symbol": "CAKE",
                },
              },
              TokenAmount {
                "currency": Token {
                  "address": "0xbb4CdB9CBd36B01bD1cBaEBF2De08d9173bc095c",
                  "chainId": 56,
                  "decimals": 18,
                  "name": "Wrapped BNB",
                  "projectLink": "https://www.binance.org",
                  "symbol": "WBNB",
                },
                "denominator": JSBI [
                  660865024,
                  931322574,
                ],
                "numerator": JSBI [
                  1,
                ],
                "token": Token {
                  "address": "0xbb4CdB9CBd36B01bD1cBaEBF2De08d9173bc095c",
                  "chainId": 56,
                  "decimals": 18,
                  "name": "Wrapped BNB",
                  "projectLink": "https://www.binance.org",
                  "symbol": "WBNB",
                },
              },
            ],
          },
        ],
        Array [
          2,
          Pair {
            "liquidityToken": Token {
              "address": "0x0eD7e52944161450477ee417DE9Cd3a859b14fD0",
              "chainId": 56,
              "decimals": 18,
              "name": "Pancake LPs",
              "projectLink": undefined,
              "symbol": "Cake-LP",
            },
            "tokenAmounts": Array [
              TokenAmount {
                "currency": Token {
                  "address": "0x0E09FaBB73Bd3Ade0a17ECC321fD13a19e81cE82",
                  "chainId": 56,
                  "decimals": 18,
                  "name": "PancakeSwap Token",
                  "projectLink": "https://pancakeswap.finance/",
                  "symbol": "CAKE",
                },
                "denominator": JSBI [
                  660865024,
                  931322574,
                ],
                "numerator": JSBI [
                  1,
                ],
                "token": Token {
                  "address": "0x0E09FaBB73Bd3Ade0a17ECC321fD13a19e81cE82",
                  "chainId": 56,
                  "decimals": 18,
                  "name": "PancakeSwap Token",
                  "projectLink": "https://pancakeswap.finance/",
                  "symbol": "CAKE",
                },
              },
              TokenAmount {
                "currency": Token {
                  "address": "0xbb4CdB9CBd36B01bD1cBaEBF2De08d9173bc095c",
                  "chainId": 56,
                  "decimals": 18,
                  "name": "Wrapped BNB",
                  "projectLink": "https://www.binance.org",
                  "symbol": "WBNB",
                },
                "denominator": JSBI [
                  660865024,
                  931322574,
                ],
                "numerator": JSBI [
                  1,
                ],
                "token": Token {
                  "address": "0xbb4CdB9CBd36B01bD1cBaEBF2De08d9173bc095c",
                  "chainId": 56,
                  "decimals": 18,
                  "name": "Wrapped BNB",
                  "projectLink": "https://www.binance.org",
                  "symbol": "WBNB",
                },
              },
            ],
          },
        ],
        Array [
          2,
          Pair {
            "liquidityToken": Token {
              "address": "0x0eD7e52944161450477ee417DE9Cd3a859b14fD0",
              "chainId": 56,
              "decimals": 18,
              "name": "Pancake LPs",
              "projectLink": undefined,
              "symbol": "Cake-LP",
            },
            "tokenAmounts": Array [
              TokenAmount {
                "currency": Token {
                  "address": "0x0E09FaBB73Bd3Ade0a17ECC321fD13a19e81cE82",
                  "chainId": 56,
                  "decimals": 18,
                  "name": "PancakeSwap Token",
                  "projectLink": "https://pancakeswap.finance/",
                  "symbol": "CAKE",
                },
                "denominator": JSBI [
                  660865024,
                  931322574,
                ],
                "numerator": JSBI [
                  1,
                ],
                "token": Token {
                  "address": "0x0E09FaBB73Bd3Ade0a17ECC321fD13a19e81cE82",
                  "chainId": 56,
                  "decimals": 18,
                  "name": "PancakeSwap Token",
                  "projectLink": "https://pancakeswap.finance/",
                  "symbol": "CAKE",
                },
              },
              TokenAmount {
                "currency": Token {
                  "address": "0xbb4CdB9CBd36B01bD1cBaEBF2De08d9173bc095c",
                  "chainId": 56,
                  "decimals": 18,
                  "name": "Wrapped BNB",
                  "projectLink": "https://www.binance.org",
                  "symbol": "WBNB",
                },
                "denominator": JSBI [
                  660865024,
                  931322574,
                ],
                "numerator": JSBI [
                  1,
                ],
                "token": Token {
                  "address": "0xbb4CdB9CBd36B01bD1cBaEBF2De08d9173bc095c",
                  "chainId": 56,
                  "decimals": 18,
                  "name": "Wrapped BNB",
                  "projectLink": "https://www.binance.org",
                  "symbol": "WBNB",
                },
              },
            ],
          },
        ],
        Array [
          2,
          null,
        ],
      ],
    },
  ],
}
`;

exports[`Trade #useAllCommonPairs should get all pair combinations, wbnb, wbnb 1`] = `
[MockFunction] {
  "calls": Array [
    Array [
      Array [
        Array [
          Token {
            "address": "0xbb4CdB9CBd36B01bD1cBaEBF2De08d9173bc095c",
            "chainId": 56,
            "decimals": 18,
            "name": "Wrapped BNB",
            "projectLink": "https://www.binance.org",
            "symbol": "WBNB",
          },
          Token {
            "address": "0x0E09FaBB73Bd3Ade0a17ECC321fD13a19e81cE82",
            "chainId": 56,
            "decimals": 18,
            "name": "PancakeSwap Token",
            "projectLink": "https://pancakeswap.finance/",
            "symbol": "CAKE",
          },
        ],
        Array [
          Token {
            "address": "0xbb4CdB9CBd36B01bD1cBaEBF2De08d9173bc095c",
            "chainId": 56,
            "decimals": 18,
            "name": "Wrapped BNB",
            "projectLink": "https://www.binance.org",
            "symbol": "WBNB",
          },
          Token {
            "address": "0xe9e7CEA3DedcA5984780Bafc599bD69ADd087D56",
            "chainId": 56,
            "decimals": 18,
            "name": "Binance USD",
            "projectLink": "https://www.paxos.com/busd/",
            "symbol": "BUSD",
          },
        ],
        Array [
          Token {
            "address": "0xbb4CdB9CBd36B01bD1cBaEBF2De08d9173bc095c",
            "chainId": 56,
            "decimals": 18,
            "name": "Wrapped BNB",
            "projectLink": "https://www.binance.org",
            "symbol": "WBNB",
          },
          Token {
            "address": "0x55d398326f99059fF775485246999027B3197955",
            "chainId": 56,
            "decimals": 18,
            "name": "Tether USD",
            "projectLink": "https://tether.to/",
            "symbol": "USDT",
          },
        ],
        Array [
          Token {
            "address": "0xbb4CdB9CBd36B01bD1cBaEBF2De08d9173bc095c",
            "chainId": 56,
            "decimals": 18,
            "name": "Wrapped BNB",
            "projectLink": "https://www.binance.org",
            "symbol": "WBNB",
          },
          Token {
            "address": "0x7130d2A12B9BCbFAe4f2634d864A1Ee1Ce3Ead9c",
            "chainId": 56,
            "decimals": 18,
            "name": "Binance BTC",
            "projectLink": "https://bitcoin.org/",
            "symbol": "BTCB",
          },
        ],
        Array [
          Token {
            "address": "0xbb4CdB9CBd36B01bD1cBaEBF2De08d9173bc095c",
            "chainId": 56,
            "decimals": 18,
            "name": "Wrapped BNB",
            "projectLink": "https://www.binance.org",
            "symbol": "WBNB",
          },
          Token {
            "address": "0x2170Ed0880ac9A755fd29B2688956BD959F933F8",
            "chainId": 56,
            "decimals": 18,
            "name": "Binance-Peg Ethereum Token",
            "projectLink": "https://ethereum.org/en/",
            "symbol": "ETH",
          },
        ],
        Array [
          Token {
            "address": "0xbb4CdB9CBd36B01bD1cBaEBF2De08d9173bc095c",
            "chainId": 56,
            "decimals": 18,
            "name": "Wrapped BNB",
            "projectLink": "https://www.binance.org",
            "symbol": "WBNB",
          },
          Token {
            "address": "0x8AC76a51cc950d9822D68b83fE1Ad97B32Cd580d",
            "chainId": 56,
            "decimals": 18,
            "name": "Binance-Peg USD Coin",
            "projectLink": "https://www.centre.io/usdc",
            "symbol": "USDC",
          },
        ],
        Array [
          Token {
            "address": "0xbb4CdB9CBd36B01bD1cBaEBF2De08d9173bc095c",
            "chainId": 56,
            "decimals": 18,
            "name": "Wrapped BNB",
            "projectLink": "https://www.binance.org",
            "symbol": "WBNB",
          },
          Token {
            "address": "0x0E09FaBB73Bd3Ade0a17ECC321fD13a19e81cE82",
            "chainId": 56,
            "decimals": 18,
            "name": "PancakeSwap Token",
            "projectLink": "https://pancakeswap.finance/",
            "symbol": "CAKE",
          },
        ],
        Array [
          Token {
            "address": "0xbb4CdB9CBd36B01bD1cBaEBF2De08d9173bc095c",
            "chainId": 56,
            "decimals": 18,
            "name": "Wrapped BNB",
            "projectLink": "https://www.binance.org",
            "symbol": "WBNB",
          },
          Token {
            "address": "0xe9e7CEA3DedcA5984780Bafc599bD69ADd087D56",
            "chainId": 56,
            "decimals": 18,
            "name": "Binance USD",
            "projectLink": "https://www.paxos.com/busd/",
            "symbol": "BUSD",
          },
        ],
        Array [
          Token {
            "address": "0xbb4CdB9CBd36B01bD1cBaEBF2De08d9173bc095c",
            "chainId": 56,
            "decimals": 18,
            "name": "Wrapped BNB",
            "projectLink": "https://www.binance.org",
            "symbol": "WBNB",
          },
          Token {
            "address": "0x55d398326f99059fF775485246999027B3197955",
            "chainId": 56,
            "decimals": 18,
            "name": "Tether USD",
            "projectLink": "https://tether.to/",
            "symbol": "USDT",
          },
        ],
        Array [
          Token {
            "address": "0xbb4CdB9CBd36B01bD1cBaEBF2De08d9173bc095c",
            "chainId": 56,
            "decimals": 18,
            "name": "Wrapped BNB",
            "projectLink": "https://www.binance.org",
            "symbol": "WBNB",
          },
          Token {
            "address": "0x7130d2A12B9BCbFAe4f2634d864A1Ee1Ce3Ead9c",
            "chainId": 56,
            "decimals": 18,
            "name": "Binance BTC",
            "projectLink": "https://bitcoin.org/",
            "symbol": "BTCB",
          },
        ],
        Array [
          Token {
            "address": "0xbb4CdB9CBd36B01bD1cBaEBF2De08d9173bc095c",
            "chainId": 56,
            "decimals": 18,
            "name": "Wrapped BNB",
            "projectLink": "https://www.binance.org",
            "symbol": "WBNB",
          },
          Token {
            "address": "0x2170Ed0880ac9A755fd29B2688956BD959F933F8",
            "chainId": 56,
            "decimals": 18,
            "name": "Binance-Peg Ethereum Token",
            "projectLink": "https://ethereum.org/en/",
            "symbol": "ETH",
          },
        ],
        Array [
          Token {
            "address": "0xbb4CdB9CBd36B01bD1cBaEBF2De08d9173bc095c",
            "chainId": 56,
            "decimals": 18,
            "name": "Wrapped BNB",
            "projectLink": "https://www.binance.org",
            "symbol": "WBNB",
          },
          Token {
            "address": "0x8AC76a51cc950d9822D68b83fE1Ad97B32Cd580d",
            "chainId": 56,
            "decimals": 18,
            "name": "Binance-Peg USD Coin",
            "projectLink": "https://www.centre.io/usdc",
            "symbol": "USDC",
          },
        ],
        Array [
          Token {
            "address": "0xbb4CdB9CBd36B01bD1cBaEBF2De08d9173bc095c",
            "chainId": 56,
            "decimals": 18,
            "name": "Wrapped BNB",
            "projectLink": "https://www.binance.org",
            "symbol": "WBNB",
          },
          Token {
            "address": "0x0E09FaBB73Bd3Ade0a17ECC321fD13a19e81cE82",
            "chainId": 56,
            "decimals": 18,
            "name": "PancakeSwap Token",
            "projectLink": "https://pancakeswap.finance/",
            "symbol": "CAKE",
          },
        ],
        Array [
          Token {
            "address": "0xbb4CdB9CBd36B01bD1cBaEBF2De08d9173bc095c",
            "chainId": 56,
            "decimals": 18,
            "name": "Wrapped BNB",
            "projectLink": "https://www.binance.org",
            "symbol": "WBNB",
          },
          Token {
            "address": "0xe9e7CEA3DedcA5984780Bafc599bD69ADd087D56",
            "chainId": 56,
            "decimals": 18,
            "name": "Binance USD",
            "projectLink": "https://www.paxos.com/busd/",
            "symbol": "BUSD",
          },
        ],
        Array [
          Token {
            "address": "0xbb4CdB9CBd36B01bD1cBaEBF2De08d9173bc095c",
            "chainId": 56,
            "decimals": 18,
            "name": "Wrapped BNB",
            "projectLink": "https://www.binance.org",
            "symbol": "WBNB",
          },
          Token {
            "address": "0x55d398326f99059fF775485246999027B3197955",
            "chainId": 56,
            "decimals": 18,
            "name": "Tether USD",
            "projectLink": "https://tether.to/",
            "symbol": "USDT",
          },
        ],
        Array [
          Token {
            "address": "0xbb4CdB9CBd36B01bD1cBaEBF2De08d9173bc095c",
            "chainId": 56,
            "decimals": 18,
            "name": "Wrapped BNB",
            "projectLink": "https://www.binance.org",
            "symbol": "WBNB",
          },
          Token {
            "address": "0x7130d2A12B9BCbFAe4f2634d864A1Ee1Ce3Ead9c",
            "chainId": 56,
            "decimals": 18,
            "name": "Binance BTC",
            "projectLink": "https://bitcoin.org/",
            "symbol": "BTCB",
          },
        ],
        Array [
          Token {
            "address": "0xbb4CdB9CBd36B01bD1cBaEBF2De08d9173bc095c",
            "chainId": 56,
            "decimals": 18,
            "name": "Wrapped BNB",
            "projectLink": "https://www.binance.org",
            "symbol": "WBNB",
          },
          Token {
            "address": "0x2170Ed0880ac9A755fd29B2688956BD959F933F8",
            "chainId": 56,
            "decimals": 18,
            "name": "Binance-Peg Ethereum Token",
            "projectLink": "https://ethereum.org/en/",
            "symbol": "ETH",
          },
        ],
        Array [
          Token {
            "address": "0xbb4CdB9CBd36B01bD1cBaEBF2De08d9173bc095c",
            "chainId": 56,
            "decimals": 18,
            "name": "Wrapped BNB",
            "projectLink": "https://www.binance.org",
            "symbol": "WBNB",
          },
          Token {
            "address": "0x8AC76a51cc950d9822D68b83fE1Ad97B32Cd580d",
            "chainId": 56,
            "decimals": 18,
            "name": "Binance-Peg USD Coin",
            "projectLink": "https://www.centre.io/usdc",
            "symbol": "USDC",
          },
        ],
        Array [
          Token {
            "address": "0x0E09FaBB73Bd3Ade0a17ECC321fD13a19e81cE82",
            "chainId": 56,
            "decimals": 18,
            "name": "PancakeSwap Token",
            "projectLink": "https://pancakeswap.finance/",
            "symbol": "CAKE",
          },
          Token {
            "address": "0xbb4CdB9CBd36B01bD1cBaEBF2De08d9173bc095c",
            "chainId": 56,
            "decimals": 18,
            "name": "Wrapped BNB",
            "projectLink": "https://www.binance.org",
            "symbol": "WBNB",
          },
        ],
        Array [
          Token {
            "address": "0x0E09FaBB73Bd3Ade0a17ECC321fD13a19e81cE82",
            "chainId": 56,
            "decimals": 18,
            "name": "PancakeSwap Token",
            "projectLink": "https://pancakeswap.finance/",
            "symbol": "CAKE",
          },
          Token {
            "address": "0xe9e7CEA3DedcA5984780Bafc599bD69ADd087D56",
            "chainId": 56,
            "decimals": 18,
            "name": "Binance USD",
            "projectLink": "https://www.paxos.com/busd/",
            "symbol": "BUSD",
          },
        ],
        Array [
          Token {
            "address": "0x0E09FaBB73Bd3Ade0a17ECC321fD13a19e81cE82",
            "chainId": 56,
            "decimals": 18,
            "name": "PancakeSwap Token",
            "projectLink": "https://pancakeswap.finance/",
            "symbol": "CAKE",
          },
          Token {
            "address": "0x55d398326f99059fF775485246999027B3197955",
            "chainId": 56,
            "decimals": 18,
            "name": "Tether USD",
            "projectLink": "https://tether.to/",
            "symbol": "USDT",
          },
        ],
        Array [
          Token {
            "address": "0x0E09FaBB73Bd3Ade0a17ECC321fD13a19e81cE82",
            "chainId": 56,
            "decimals": 18,
            "name": "PancakeSwap Token",
            "projectLink": "https://pancakeswap.finance/",
            "symbol": "CAKE",
          },
          Token {
            "address": "0x7130d2A12B9BCbFAe4f2634d864A1Ee1Ce3Ead9c",
            "chainId": 56,
            "decimals": 18,
            "name": "Binance BTC",
            "projectLink": "https://bitcoin.org/",
            "symbol": "BTCB",
          },
        ],
        Array [
          Token {
            "address": "0x0E09FaBB73Bd3Ade0a17ECC321fD13a19e81cE82",
            "chainId": 56,
            "decimals": 18,
            "name": "PancakeSwap Token",
            "projectLink": "https://pancakeswap.finance/",
            "symbol": "CAKE",
          },
          Token {
            "address": "0x2170Ed0880ac9A755fd29B2688956BD959F933F8",
            "chainId": 56,
            "decimals": 18,
            "name": "Binance-Peg Ethereum Token",
            "projectLink": "https://ethereum.org/en/",
            "symbol": "ETH",
          },
        ],
        Array [
          Token {
            "address": "0x0E09FaBB73Bd3Ade0a17ECC321fD13a19e81cE82",
            "chainId": 56,
            "decimals": 18,
            "name": "PancakeSwap Token",
            "projectLink": "https://pancakeswap.finance/",
            "symbol": "CAKE",
          },
          Token {
            "address": "0x8AC76a51cc950d9822D68b83fE1Ad97B32Cd580d",
            "chainId": 56,
            "decimals": 18,
            "name": "Binance-Peg USD Coin",
            "projectLink": "https://www.centre.io/usdc",
            "symbol": "USDC",
          },
        ],
        Array [
          Token {
            "address": "0xe9e7CEA3DedcA5984780Bafc599bD69ADd087D56",
            "chainId": 56,
            "decimals": 18,
            "name": "Binance USD",
            "projectLink": "https://www.paxos.com/busd/",
            "symbol": "BUSD",
          },
          Token {
            "address": "0xbb4CdB9CBd36B01bD1cBaEBF2De08d9173bc095c",
            "chainId": 56,
            "decimals": 18,
            "name": "Wrapped BNB",
            "projectLink": "https://www.binance.org",
            "symbol": "WBNB",
          },
        ],
        Array [
          Token {
            "address": "0xe9e7CEA3DedcA5984780Bafc599bD69ADd087D56",
            "chainId": 56,
            "decimals": 18,
            "name": "Binance USD",
            "projectLink": "https://www.paxos.com/busd/",
            "symbol": "BUSD",
          },
          Token {
            "address": "0x0E09FaBB73Bd3Ade0a17ECC321fD13a19e81cE82",
            "chainId": 56,
            "decimals": 18,
            "name": "PancakeSwap Token",
            "projectLink": "https://pancakeswap.finance/",
            "symbol": "CAKE",
          },
        ],
        Array [
          Token {
            "address": "0xe9e7CEA3DedcA5984780Bafc599bD69ADd087D56",
            "chainId": 56,
            "decimals": 18,
            "name": "Binance USD",
            "projectLink": "https://www.paxos.com/busd/",
            "symbol": "BUSD",
          },
          Token {
            "address": "0x55d398326f99059fF775485246999027B3197955",
            "chainId": 56,
            "decimals": 18,
            "name": "Tether USD",
            "projectLink": "https://tether.to/",
            "symbol": "USDT",
          },
        ],
        Array [
          Token {
            "address": "0xe9e7CEA3DedcA5984780Bafc599bD69ADd087D56",
            "chainId": 56,
            "decimals": 18,
            "name": "Binance USD",
            "projectLink": "https://www.paxos.com/busd/",
            "symbol": "BUSD",
          },
          Token {
            "address": "0x7130d2A12B9BCbFAe4f2634d864A1Ee1Ce3Ead9c",
            "chainId": 56,
            "decimals": 18,
            "name": "Binance BTC",
            "projectLink": "https://bitcoin.org/",
            "symbol": "BTCB",
          },
        ],
        Array [
          Token {
            "address": "0xe9e7CEA3DedcA5984780Bafc599bD69ADd087D56",
            "chainId": 56,
            "decimals": 18,
            "name": "Binance USD",
            "projectLink": "https://www.paxos.com/busd/",
            "symbol": "BUSD",
          },
          Token {
            "address": "0x2170Ed0880ac9A755fd29B2688956BD959F933F8",
            "chainId": 56,
            "decimals": 18,
            "name": "Binance-Peg Ethereum Token",
            "projectLink": "https://ethereum.org/en/",
            "symbol": "ETH",
          },
        ],
        Array [
          Token {
            "address": "0xe9e7CEA3DedcA5984780Bafc599bD69ADd087D56",
            "chainId": 56,
            "decimals": 18,
            "name": "Binance USD",
            "projectLink": "https://www.paxos.com/busd/",
            "symbol": "BUSD",
          },
          Token {
            "address": "0x8AC76a51cc950d9822D68b83fE1Ad97B32Cd580d",
            "chainId": 56,
            "decimals": 18,
            "name": "Binance-Peg USD Coin",
            "projectLink": "https://www.centre.io/usdc",
            "symbol": "USDC",
          },
        ],
        Array [
          Token {
            "address": "0x55d398326f99059fF775485246999027B3197955",
            "chainId": 56,
            "decimals": 18,
            "name": "Tether USD",
            "projectLink": "https://tether.to/",
            "symbol": "USDT",
          },
          Token {
            "address": "0xbb4CdB9CBd36B01bD1cBaEBF2De08d9173bc095c",
            "chainId": 56,
            "decimals": 18,
            "name": "Wrapped BNB",
            "projectLink": "https://www.binance.org",
            "symbol": "WBNB",
          },
        ],
        Array [
          Token {
            "address": "0x55d398326f99059fF775485246999027B3197955",
            "chainId": 56,
            "decimals": 18,
            "name": "Tether USD",
            "projectLink": "https://tether.to/",
            "symbol": "USDT",
          },
          Token {
            "address": "0x0E09FaBB73Bd3Ade0a17ECC321fD13a19e81cE82",
            "chainId": 56,
            "decimals": 18,
            "name": "PancakeSwap Token",
            "projectLink": "https://pancakeswap.finance/",
            "symbol": "CAKE",
          },
        ],
        Array [
          Token {
            "address": "0x55d398326f99059fF775485246999027B3197955",
            "chainId": 56,
            "decimals": 18,
            "name": "Tether USD",
            "projectLink": "https://tether.to/",
            "symbol": "USDT",
          },
          Token {
            "address": "0xe9e7CEA3DedcA5984780Bafc599bD69ADd087D56",
            "chainId": 56,
            "decimals": 18,
            "name": "Binance USD",
            "projectLink": "https://www.paxos.com/busd/",
            "symbol": "BUSD",
          },
        ],
        Array [
          Token {
            "address": "0x55d398326f99059fF775485246999027B3197955",
            "chainId": 56,
            "decimals": 18,
            "name": "Tether USD",
            "projectLink": "https://tether.to/",
            "symbol": "USDT",
          },
          Token {
            "address": "0x7130d2A12B9BCbFAe4f2634d864A1Ee1Ce3Ead9c",
            "chainId": 56,
            "decimals": 18,
            "name": "Binance BTC",
            "projectLink": "https://bitcoin.org/",
            "symbol": "BTCB",
          },
        ],
        Array [
          Token {
            "address": "0x55d398326f99059fF775485246999027B3197955",
            "chainId": 56,
            "decimals": 18,
            "name": "Tether USD",
            "projectLink": "https://tether.to/",
            "symbol": "USDT",
          },
          Token {
            "address": "0x2170Ed0880ac9A755fd29B2688956BD959F933F8",
            "chainId": 56,
            "decimals": 18,
            "name": "Binance-Peg Ethereum Token",
            "projectLink": "https://ethereum.org/en/",
            "symbol": "ETH",
          },
        ],
        Array [
          Token {
            "address": "0x55d398326f99059fF775485246999027B3197955",
            "chainId": 56,
            "decimals": 18,
            "name": "Tether USD",
            "projectLink": "https://tether.to/",
            "symbol": "USDT",
          },
          Token {
            "address": "0x8AC76a51cc950d9822D68b83fE1Ad97B32Cd580d",
            "chainId": 56,
            "decimals": 18,
            "name": "Binance-Peg USD Coin",
            "projectLink": "https://www.centre.io/usdc",
            "symbol": "USDC",
          },
        ],
        Array [
          Token {
            "address": "0x7130d2A12B9BCbFAe4f2634d864A1Ee1Ce3Ead9c",
            "chainId": 56,
            "decimals": 18,
            "name": "Binance BTC",
            "projectLink": "https://bitcoin.org/",
            "symbol": "BTCB",
          },
          Token {
            "address": "0xbb4CdB9CBd36B01bD1cBaEBF2De08d9173bc095c",
            "chainId": 56,
            "decimals": 18,
            "name": "Wrapped BNB",
            "projectLink": "https://www.binance.org",
            "symbol": "WBNB",
          },
        ],
        Array [
          Token {
            "address": "0x7130d2A12B9BCbFAe4f2634d864A1Ee1Ce3Ead9c",
            "chainId": 56,
            "decimals": 18,
            "name": "Binance BTC",
            "projectLink": "https://bitcoin.org/",
            "symbol": "BTCB",
          },
          Token {
            "address": "0x0E09FaBB73Bd3Ade0a17ECC321fD13a19e81cE82",
            "chainId": 56,
            "decimals": 18,
            "name": "PancakeSwap Token",
            "projectLink": "https://pancakeswap.finance/",
            "symbol": "CAKE",
          },
        ],
        Array [
          Token {
            "address": "0x7130d2A12B9BCbFAe4f2634d864A1Ee1Ce3Ead9c",
            "chainId": 56,
            "decimals": 18,
            "name": "Binance BTC",
            "projectLink": "https://bitcoin.org/",
            "symbol": "BTCB",
          },
          Token {
            "address": "0xe9e7CEA3DedcA5984780Bafc599bD69ADd087D56",
            "chainId": 56,
            "decimals": 18,
            "name": "Binance USD",
            "projectLink": "https://www.paxos.com/busd/",
            "symbol": "BUSD",
          },
        ],
        Array [
          Token {
            "address": "0x7130d2A12B9BCbFAe4f2634d864A1Ee1Ce3Ead9c",
            "chainId": 56,
            "decimals": 18,
            "name": "Binance BTC",
            "projectLink": "https://bitcoin.org/",
            "symbol": "BTCB",
          },
          Token {
            "address": "0x55d398326f99059fF775485246999027B3197955",
            "chainId": 56,
            "decimals": 18,
            "name": "Tether USD",
            "projectLink": "https://tether.to/",
            "symbol": "USDT",
          },
        ],
        Array [
          Token {
            "address": "0x7130d2A12B9BCbFAe4f2634d864A1Ee1Ce3Ead9c",
            "chainId": 56,
            "decimals": 18,
            "name": "Binance BTC",
            "projectLink": "https://bitcoin.org/",
            "symbol": "BTCB",
          },
          Token {
            "address": "0x2170Ed0880ac9A755fd29B2688956BD959F933F8",
            "chainId": 56,
            "decimals": 18,
            "name": "Binance-Peg Ethereum Token",
            "projectLink": "https://ethereum.org/en/",
            "symbol": "ETH",
          },
        ],
        Array [
          Token {
            "address": "0x7130d2A12B9BCbFAe4f2634d864A1Ee1Ce3Ead9c",
            "chainId": 56,
            "decimals": 18,
            "name": "Binance BTC",
            "projectLink": "https://bitcoin.org/",
            "symbol": "BTCB",
          },
          Token {
            "address": "0x8AC76a51cc950d9822D68b83fE1Ad97B32Cd580d",
            "chainId": 56,
            "decimals": 18,
            "name": "Binance-Peg USD Coin",
            "projectLink": "https://www.centre.io/usdc",
            "symbol": "USDC",
          },
        ],
        Array [
          Token {
            "address": "0x2170Ed0880ac9A755fd29B2688956BD959F933F8",
            "chainId": 56,
            "decimals": 18,
            "name": "Binance-Peg Ethereum Token",
            "projectLink": "https://ethereum.org/en/",
            "symbol": "ETH",
          },
          Token {
            "address": "0xbb4CdB9CBd36B01bD1cBaEBF2De08d9173bc095c",
            "chainId": 56,
            "decimals": 18,
            "name": "Wrapped BNB",
            "projectLink": "https://www.binance.org",
            "symbol": "WBNB",
          },
        ],
        Array [
          Token {
            "address": "0x2170Ed0880ac9A755fd29B2688956BD959F933F8",
            "chainId": 56,
            "decimals": 18,
            "name": "Binance-Peg Ethereum Token",
            "projectLink": "https://ethereum.org/en/",
            "symbol": "ETH",
          },
          Token {
            "address": "0x0E09FaBB73Bd3Ade0a17ECC321fD13a19e81cE82",
            "chainId": 56,
            "decimals": 18,
            "name": "PancakeSwap Token",
            "projectLink": "https://pancakeswap.finance/",
            "symbol": "CAKE",
          },
        ],
        Array [
          Token {
            "address": "0x2170Ed0880ac9A755fd29B2688956BD959F933F8",
            "chainId": 56,
            "decimals": 18,
            "name": "Binance-Peg Ethereum Token",
            "projectLink": "https://ethereum.org/en/",
            "symbol": "ETH",
          },
          Token {
            "address": "0xe9e7CEA3DedcA5984780Bafc599bD69ADd087D56",
            "chainId": 56,
            "decimals": 18,
            "name": "Binance USD",
            "projectLink": "https://www.paxos.com/busd/",
            "symbol": "BUSD",
          },
        ],
        Array [
          Token {
            "address": "0x2170Ed0880ac9A755fd29B2688956BD959F933F8",
            "chainId": 56,
            "decimals": 18,
            "name": "Binance-Peg Ethereum Token",
            "projectLink": "https://ethereum.org/en/",
            "symbol": "ETH",
          },
          Token {
            "address": "0x55d398326f99059fF775485246999027B3197955",
            "chainId": 56,
            "decimals": 18,
            "name": "Tether USD",
            "projectLink": "https://tether.to/",
            "symbol": "USDT",
          },
        ],
        Array [
          Token {
            "address": "0x2170Ed0880ac9A755fd29B2688956BD959F933F8",
            "chainId": 56,
            "decimals": 18,
            "name": "Binance-Peg Ethereum Token",
            "projectLink": "https://ethereum.org/en/",
            "symbol": "ETH",
          },
          Token {
            "address": "0x7130d2A12B9BCbFAe4f2634d864A1Ee1Ce3Ead9c",
            "chainId": 56,
            "decimals": 18,
            "name": "Binance BTC",
            "projectLink": "https://bitcoin.org/",
            "symbol": "BTCB",
          },
        ],
        Array [
          Token {
            "address": "0x2170Ed0880ac9A755fd29B2688956BD959F933F8",
            "chainId": 56,
            "decimals": 18,
            "name": "Binance-Peg Ethereum Token",
            "projectLink": "https://ethereum.org/en/",
            "symbol": "ETH",
          },
          Token {
            "address": "0x8AC76a51cc950d9822D68b83fE1Ad97B32Cd580d",
            "chainId": 56,
            "decimals": 18,
            "name": "Binance-Peg USD Coin",
            "projectLink": "https://www.centre.io/usdc",
            "symbol": "USDC",
          },
        ],
        Array [
          Token {
            "address": "0x8AC76a51cc950d9822D68b83fE1Ad97B32Cd580d",
            "chainId": 56,
            "decimals": 18,
            "name": "Binance-Peg USD Coin",
            "projectLink": "https://www.centre.io/usdc",
            "symbol": "USDC",
          },
          Token {
            "address": "0xbb4CdB9CBd36B01bD1cBaEBF2De08d9173bc095c",
            "chainId": 56,
            "decimals": 18,
            "name": "Wrapped BNB",
            "projectLink": "https://www.binance.org",
            "symbol": "WBNB",
          },
        ],
        Array [
          Token {
            "address": "0x8AC76a51cc950d9822D68b83fE1Ad97B32Cd580d",
            "chainId": 56,
            "decimals": 18,
            "name": "Binance-Peg USD Coin",
            "projectLink": "https://www.centre.io/usdc",
            "symbol": "USDC",
          },
          Token {
            "address": "0x0E09FaBB73Bd3Ade0a17ECC321fD13a19e81cE82",
            "chainId": 56,
            "decimals": 18,
            "name": "PancakeSwap Token",
            "projectLink": "https://pancakeswap.finance/",
            "symbol": "CAKE",
          },
        ],
        Array [
          Token {
            "address": "0x8AC76a51cc950d9822D68b83fE1Ad97B32Cd580d",
            "chainId": 56,
            "decimals": 18,
            "name": "Binance-Peg USD Coin",
            "projectLink": "https://www.centre.io/usdc",
            "symbol": "USDC",
          },
          Token {
            "address": "0xe9e7CEA3DedcA5984780Bafc599bD69ADd087D56",
            "chainId": 56,
            "decimals": 18,
            "name": "Binance USD",
            "projectLink": "https://www.paxos.com/busd/",
            "symbol": "BUSD",
          },
        ],
        Array [
          Token {
            "address": "0x8AC76a51cc950d9822D68b83fE1Ad97B32Cd580d",
            "chainId": 56,
            "decimals": 18,
            "name": "Binance-Peg USD Coin",
            "projectLink": "https://www.centre.io/usdc",
            "symbol": "USDC",
          },
          Token {
            "address": "0x55d398326f99059fF775485246999027B3197955",
            "chainId": 56,
            "decimals": 18,
            "name": "Tether USD",
            "projectLink": "https://tether.to/",
            "symbol": "USDT",
          },
        ],
        Array [
          Token {
            "address": "0x8AC76a51cc950d9822D68b83fE1Ad97B32Cd580d",
            "chainId": 56,
            "decimals": 18,
            "name": "Binance-Peg USD Coin",
            "projectLink": "https://www.centre.io/usdc",
            "symbol": "USDC",
          },
          Token {
            "address": "0x7130d2A12B9BCbFAe4f2634d864A1Ee1Ce3Ead9c",
            "chainId": 56,
            "decimals": 18,
            "name": "Binance BTC",
            "projectLink": "https://bitcoin.org/",
            "symbol": "BTCB",
          },
        ],
        Array [
          Token {
            "address": "0x8AC76a51cc950d9822D68b83fE1Ad97B32Cd580d",
            "chainId": 56,
            "decimals": 18,
            "name": "Binance-Peg USD Coin",
            "projectLink": "https://www.centre.io/usdc",
            "symbol": "USDC",
          },
          Token {
            "address": "0x2170Ed0880ac9A755fd29B2688956BD959F933F8",
            "chainId": 56,
            "decimals": 18,
            "name": "Binance-Peg Ethereum Token",
            "projectLink": "https://ethereum.org/en/",
            "symbol": "ETH",
          },
        ],
      ],
    ],
  ],
  "results": Array [
    Object {
      "type": "return",
      "value": Array [
        Array [
          2,
          Pair {
            "liquidityToken": Token {
              "address": "0x0eD7e52944161450477ee417DE9Cd3a859b14fD0",
              "chainId": 56,
              "decimals": 18,
              "name": "Pancake LPs",
              "projectLink": undefined,
              "symbol": "Cake-LP",
            },
            "tokenAmounts": Array [
              TokenAmount {
                "currency": Token {
                  "address": "0x0E09FaBB73Bd3Ade0a17ECC321fD13a19e81cE82",
                  "chainId": 56,
                  "decimals": 18,
                  "name": "PancakeSwap Token",
                  "projectLink": "https://pancakeswap.finance/",
                  "symbol": "CAKE",
                },
                "denominator": JSBI [
                  660865024,
                  931322574,
                ],
                "numerator": JSBI [
                  1,
                ],
                "token": Token {
                  "address": "0x0E09FaBB73Bd3Ade0a17ECC321fD13a19e81cE82",
                  "chainId": 56,
                  "decimals": 18,
                  "name": "PancakeSwap Token",
                  "projectLink": "https://pancakeswap.finance/",
                  "symbol": "CAKE",
                },
              },
              TokenAmount {
                "currency": Token {
                  "address": "0xbb4CdB9CBd36B01bD1cBaEBF2De08d9173bc095c",
                  "chainId": 56,
                  "decimals": 18,
                  "name": "Wrapped BNB",
                  "projectLink": "https://www.binance.org",
                  "symbol": "WBNB",
                },
                "denominator": JSBI [
                  660865024,
                  931322574,
                ],
                "numerator": JSBI [
                  1,
                ],
                "token": Token {
                  "address": "0xbb4CdB9CBd36B01bD1cBaEBF2De08d9173bc095c",
                  "chainId": 56,
                  "decimals": 18,
                  "name": "Wrapped BNB",
                  "projectLink": "https://www.binance.org",
                  "symbol": "WBNB",
                },
              },
            ],
          },
        ],
        Array [
          2,
          Pair {
            "liquidityToken": Token {
              "address": "0x0eD7e52944161450477ee417DE9Cd3a859b14fD0",
              "chainId": 56,
              "decimals": 18,
              "name": "Pancake LPs",
              "projectLink": undefined,
              "symbol": "Cake-LP",
            },
            "tokenAmounts": Array [
              TokenAmount {
                "currency": Token {
                  "address": "0x0E09FaBB73Bd3Ade0a17ECC321fD13a19e81cE82",
                  "chainId": 56,
                  "decimals": 18,
                  "name": "PancakeSwap Token",
                  "projectLink": "https://pancakeswap.finance/",
                  "symbol": "CAKE",
                },
                "denominator": JSBI [
                  660865024,
                  931322574,
                ],
                "numerator": JSBI [
                  1,
                ],
                "token": Token {
                  "address": "0x0E09FaBB73Bd3Ade0a17ECC321fD13a19e81cE82",
                  "chainId": 56,
                  "decimals": 18,
                  "name": "PancakeSwap Token",
                  "projectLink": "https://pancakeswap.finance/",
                  "symbol": "CAKE",
                },
              },
              TokenAmount {
                "currency": Token {
                  "address": "0xbb4CdB9CBd36B01bD1cBaEBF2De08d9173bc095c",
                  "chainId": 56,
                  "decimals": 18,
                  "name": "Wrapped BNB",
                  "projectLink": "https://www.binance.org",
                  "symbol": "WBNB",
                },
                "denominator": JSBI [
                  660865024,
                  931322574,
                ],
                "numerator": JSBI [
                  1,
                ],
                "token": Token {
                  "address": "0xbb4CdB9CBd36B01bD1cBaEBF2De08d9173bc095c",
                  "chainId": 56,
                  "decimals": 18,
                  "name": "Wrapped BNB",
                  "projectLink": "https://www.binance.org",
                  "symbol": "WBNB",
                },
              },
            ],
          },
        ],
        Array [
          2,
          Pair {
            "liquidityToken": Token {
              "address": "0x0eD7e52944161450477ee417DE9Cd3a859b14fD0",
              "chainId": 56,
              "decimals": 18,
              "name": "Pancake LPs",
              "projectLink": undefined,
              "symbol": "Cake-LP",
            },
            "tokenAmounts": Array [
              TokenAmount {
                "currency": Token {
                  "address": "0x0E09FaBB73Bd3Ade0a17ECC321fD13a19e81cE82",
                  "chainId": 56,
                  "decimals": 18,
                  "name": "PancakeSwap Token",
                  "projectLink": "https://pancakeswap.finance/",
                  "symbol": "CAKE",
                },
                "denominator": JSBI [
                  660865024,
                  931322574,
                ],
                "numerator": JSBI [
                  1,
                ],
                "token": Token {
                  "address": "0x0E09FaBB73Bd3Ade0a17ECC321fD13a19e81cE82",
                  "chainId": 56,
                  "decimals": 18,
                  "name": "PancakeSwap Token",
                  "projectLink": "https://pancakeswap.finance/",
                  "symbol": "CAKE",
                },
              },
              TokenAmount {
                "currency": Token {
                  "address": "0xbb4CdB9CBd36B01bD1cBaEBF2De08d9173bc095c",
                  "chainId": 56,
                  "decimals": 18,
                  "name": "Wrapped BNB",
                  "projectLink": "https://www.binance.org",
                  "symbol": "WBNB",
                },
                "denominator": JSBI [
                  660865024,
                  931322574,
                ],
                "numerator": JSBI [
                  1,
                ],
                "token": Token {
                  "address": "0xbb4CdB9CBd36B01bD1cBaEBF2De08d9173bc095c",
                  "chainId": 56,
                  "decimals": 18,
                  "name": "Wrapped BNB",
                  "projectLink": "https://www.binance.org",
                  "symbol": "WBNB",
                },
              },
            ],
          },
        ],
        Array [
          2,
          null,
        ],
      ],
    },
  ],
}
`;
